[Rules]
org.kde.category0=true
org.kde.category1.info=true
org.kde.category1.warning=true
org.kde.category1.critical=true
org.kde.category1.debug=false
org.kde.category2.info=false
org.kde.category2.debug=false
org.kde.category2.warning=true
org.kde.category2.critical=true
org.kde.category3.info=false
org.kde.category3.debug=true
org.kde.category3.warning=true
org.kde.category3.critical=true
org.kde.category4.info=false
org.kde.category4.debug=false
org.kde.category4.warning=false
org.kde.category4.critical=true
org.kde.category5.info=false
org.kde.category5.debug=false
org.kde.category5.warning=false
org.kde.category5.critical=false
